▲ Next.js 16.2.7 (Turbopack)
- Environments: .env.local

  Creating an optimized production build ...
✓ Compiled successfully in 18.0s
  Running TypeScript ...
Failed to type check.

./types/contact.ts:33:1
Type error: Operator '>' cannot be applied to types 'boolean' and 'number'.

  [90m31 |[0m
  [90m32 |[0m [36mexport[0m [36mtype[0m [33mContactModalView[0m = [32m"options"[0m | [32m"pqrsf-form"[0m;
[31m[1m>[0m [90m33 |[0m </path>
  [90m   |[0m [31m[1m^[0m
  [90m34 |[0m <task_progress>
  [90m35 |[0m - [x] [33mAnalyze[0m existing codebase
  [90m36 |[0m - [x] [33mCreate[0m types/contact.ts
Next.js build worker exited with code: 1 and signal: null
